2026-06-12 12:05:48,190 - INFO - Total rows in training data : (5634, 20)
2026-06-12 12:05:48,190 - INFO - Total rows in testing data : (1409, 20)
2026-06-12 12:05:48,190 - INFO - Before technique X_train : Index(['gender', 'SeniorCitizen', 'Partner', 'Dependents', 'tenure',
       'PhoneService', 'MultipleLines', 'InternetService', 'OnlineSecurity',
       'OnlineBackup', 'DeviceProtection', 'TechSupport', 'StreamingTV',
       'StreamingMovies', 'Contract', 'PaperlessBilling', 'PaymentMethod',
       'MonthlyCharges', 'TotalCharges', 'Mobile_Network'],
      dtype='str')
2026-06-12 12:05:48,190 - INFO - Before technique X_test : Index(['gender', 'SeniorCitizen', 'Partner', 'Dependents', 'tenure',
       'PhoneService', 'MultipleLines', 'InternetService', 'OnlineSecurity',
       'OnlineBackup', 'DeviceProtection', 'TechSupport', 'StreamingTV',
       'StreamingMovies', 'Contract', 'PaperlessBilling', 'PaymentMethod',
       'MonthlyCharges', 'TotalCharges', 'Mobile_Network'],
      dtype='str')
2026-06-12 12:05:48,194 - INFO - Before technique X_train : gender               0
SeniorCitizen        0
Partner              0
Dependents           0
tenure               0
PhoneService         0
MultipleLines        0
InternetService      0
OnlineSecurity       0
OnlineBackup         0
DeviceProtection     0
TechSupport          0
StreamingTV          0
StreamingMovies      0
Contract             0
PaperlessBilling     0
PaymentMethod        0
MonthlyCharges       0
TotalCharges        10
Mobile_Network       0
dtype: int64
2026-06-12 12:05:48,197 - INFO - Before technique X_test : gender              0
SeniorCitizen       0
Partner             0
Dependents          0
tenure              0
PhoneService        0
MultipleLines       0
InternetService     0
OnlineSecurity      0
OnlineBackup        0
DeviceProtection    0
TechSupport         0
StreamingTV         0
StreamingMovies     0
Contract            0
PaperlessBilling    0
PaymentMethod       0
MonthlyCharges      0
TotalCharges        1
Mobile_Network      0
dtype: int64
2026-06-12 12:05:48,207 - INFO - After technique X_train : Index(['gender', 'SeniorCitizen', 'Partner', 'Dependents', 'tenure',
       'PhoneService', 'MultipleLines', 'InternetService', 'OnlineSecurity',
       'OnlineBackup', 'DeviceProtection', 'TechSupport', 'StreamingTV',
       'StreamingMovies', 'Contract', 'PaperlessBilling', 'PaymentMethod',
       'MonthlyCharges', 'Mobile_Network', 'TotalCharges_re'],
      dtype='str')
2026-06-12 12:05:48,207 - INFO - After technique X_test : Index(['gender', 'SeniorCitizen', 'Partner', 'Dependents', 'tenure',
       'PhoneService', 'MultipleLines', 'InternetService', 'OnlineSecurity',
       'OnlineBackup', 'DeviceProtection', 'TechSupport', 'StreamingTV',
       'StreamingMovies', 'Contract', 'PaperlessBilling', 'PaymentMethod',
       'MonthlyCharges', 'Mobile_Network', 'TotalCharges_re'],
      dtype='str')
2026-06-12 12:05:48,211 - INFO - After technique X_train : gender              0
SeniorCitizen       0
Partner             0
Dependents          0
tenure              0
PhoneService        0
MultipleLines       0
InternetService     0
OnlineSecurity      0
OnlineBackup        0
DeviceProtection    0
TechSupport         0
StreamingTV         0
StreamingMovies     0
Contract            0
PaperlessBilling    0
PaymentMethod       0
MonthlyCharges      0
Mobile_Network      0
TotalCharges_re     0
dtype: int64
2026-06-12 12:05:48,213 - INFO - After technique X_test : gender              0
SeniorCitizen       0
Partner             0
Dependents          0
tenure              0
PhoneService        0
MultipleLines       0
InternetService     0
OnlineSecurity      0
OnlineBackup        0
DeviceProtection    0
TechSupport         0
StreamingTV         0
StreamingMovies     0
Contract            0
PaperlessBilling    0
PaymentMethod       0
MonthlyCharges      0
Mobile_Network      0
TotalCharges_re     0
dtype: int64
2026-06-12 12:05:48,213 - INFO - Total rows in training data : (5634, 20)
2026-06-12 12:05:48,213 - INFO - Total rows in testing data : (1409, 20)
